N=32: 3261 sequences, PSL hist {3: 415, 4: 2846}
N=40: 25266 sequences, PSL hist {3: 55, 4: 25211}
N=48: 7414 sequences, PSL hist {3: 2, 4: 7412}
N=56: 50925 sequences, PSL hist {4: 154, 5: 50771}
N=64: 7535 sequences, PSL hist {4: 2, 5: 7533}
N=72: 39010 sequences, PSL hist {5: 238, 6: 38772}
it 0 nll/chip 0.6934 (0s)
it 250 nll/chip 0.6315 (77s)
it 500 nll/chip 0.5854 (154s)
it 750 nll/chip 0.5562 (232s)
it 1000 nll/chip 0.5449 (310s)
   [eval it 1000] N=64 sampled PSL hist {7: 12, 8: 84, 9: 234, 10: 396, 11: 383, 12: 346, 13: 222, 14: 158, 15: 80, 16: 42, 17: 19, 18: 14, 19: 5, 20: 2, 21: 2, 22: 1}
it 1250 nll/chip 0.5324 (391s)
it 1500 nll/chip 0.5258 (469s)
it 1750 nll/chip 0.5205 (547s)
it 2000 nll/chip 0.5149 (622s)
   [eval it 2000] N=64 sampled PSL hist {6: 3, 7: 25, 8: 179, 9: 386, 10: 404, 11: 363, 12: 300, 13: 141, 14: 97, 15: 55, 16: 28, 17: 10, 18: 5, 19: 2, 20: 1, 23: 1}
it 2250 nll/chip 0.5196 (704s)
it 2500 nll/chip 0.5116 (781s)
it 2750 nll/chip 0.5027 (859s)
it 3000 nll/chip 0.5050 (936s)
   [eval it 3000] N=64 sampled PSL hist {6: 1, 7: 52, 8: 206, 9: 421, 10: 456, 11: 360, 12: 222, 13: 132, 14: 73, 15: 39, 16: 23, 17: 8, 18: 6, 20: 1}
it 3250 nll/chip 0.5087 (1014s)
it 3500 nll/chip 0.5062 (1091s)
it 3750 nll/chip 0.5068 (1170s)
it 3999 nll/chip 0.4964 (1244s)
   [eval it 3999] N=64 sampled PSL hist {6: 6, 7: 52, 8: 222, 9: 436, 10: 462, 11: 336, 12: 226, 13: 127, 14: 67, 15: 39, 16: 18, 17: 6, 19: 3}
N=64 T=1.0: PSL hist {6: 14, 7: 275, 8: 1140, 9: 2178, 10: 2277, 11: 1743, 12: 1121, 13: 639, 14: 328, 15: 159, 16: 69, 17: 30, 18: 15, 19: 8, 20: 3, 21: 1}; median 10; distinct canonical 10000/10000; overlap with train 0.000; 0.667 ms/seq (4 threads)
N=64 T=0.8: PSL hist {6: 24, 7: 386, 8: 1378, 9: 2232, 10: 2264, 11: 1535, 12: 1059, 13: 573, 14: 310, 15: 146, 16: 43, 17: 29, 18: 10, 19: 9, 20: 1, 21: 1}; median 10; distinct canonical 10000/10000; overlap with train 0.000; 0.610 ms/seq (4 threads)
N=80 T=1.0: PSL hist {7: 1, 8: 46, 9: 318, 10: 921, 11: 1591, 12: 1821, 13: 1709, 14: 1383, 15: 891, 16: 598, 17: 336, 18: 175, 19: 105, 20: 46, 21: 34, 22: 17, 23: 3, 24: 5}; median 13; distinct canonical 10000/10000; overlap with train 0.000; 0.865 ms/seq (4 threads)
N=80 T=0.8: PSL hist {7: 3, 8: 58, 9: 406, 10: 1110, 11: 1642, 12: 1907, 13: 1631, 14: 1268, 15: 814, 16: 491, 17: 286, 18: 169, 19: 89, 20: 59, 21: 33, 22: 13, 23: 11, 24: 6, 25: 2, 26: 2}; median 12; distinct canonical 10000/10000; overlap with train 0.000; 0.825 ms/seq (4 threads)
N=96 T=1.0: PSL hist {9: 7, 10: 68, 11: 290, 12: 716, 13: 1243, 14: 1557, 15: 1541, 16: 1289, 17: 1058, 18: 801, 19: 532, 20: 362, 21: 202, 22: 139, 23: 85, 24: 44, 25: 23, 26: 17, 27: 12, 28: 7, 29: 4, 31: 1, 32: 1, 35: 1}; median 15; distinct canonical 10000/10000; overlap with train 0.000; 0.986 ms/seq (4 threads)
N=96 T=0.8: PSL hist {9: 6, 10: 84, 11: 380, 12: 822, 13: 1340, 14: 1626, 15: 1546, 16: 1295, 17: 963, 18: 681, 19: 482, 20: 305, 21: 182, 22: 126, 23: 67, 24: 45, 25: 23, 26: 13, 27: 5, 28: 3, 29: 4, 30: 1, 32: 1}; median 15; distinct canonical 10000/10000; overlap with train 0.000; 1.000 ms/seq (4 threads)
shotgun N=64 in 26.7s (1 thread): 896 restarts, PSL hist {5: 144, 6: 752}
shotgun N=80 in 34.6s (1 thread): 945 restarts, PSL hist {6: 210, 7: 735}
shotgun N=96 in 39.4s (1 thread): 814 restarts, PSL hist {7: 362, 8: 452}
saved
