policy+prune N=64 T=5: 2.7s for 4000 samples; frac PSL<=5: 0.000; distinct 1; yield 0.37 distinct/s (4 threads); hist {5: 1, 6: 9, 7: 167, 8: 571, 9: 1064, 10: 911, 11: 707, 12: 302, 13: 174, 14: 50, 15: 33, 16: 6, 17: 4, 18: 1}
random+prune N=64 T=5: 0.1s; frac PSL<=5: 0.0000; distinct 0; yield 0.00 distinct/s
shotgun     N=64 T=5: 393 restarts in 10.8s (1 thread = same CPU-seconds); distinct PSL<=5: 56; yield 5.19 distinct/s/thread -> x4 = 20.75
policy+prune N=64 T=6: 2.4s for 4000 samples; frac PSL<=6: 0.004; distinct 18; yield 7.60 distinct/s (4 threads); hist {6: 18, 7: 152, 8: 682, 9: 961, 10: 1095, 11: 495, 12: 392, 13: 120, 14: 67, 15: 10, 16: 8}
random+prune N=64 T=6: 0.1s; frac PSL<=6: 0.0000; distinct 0; yield 0.00 distinct/s
shotgun     N=64 T=6: 333 restarts in 9.5s (1 thread = same CPU-seconds); distinct PSL<=6: 333; yield 35.14 distinct/s/thread -> x4 = 140.57
policy+prune N=80 T=5: 3.0s for 4000 samples; frac PSL<=5: 0.000; distinct 0; yield 0.00 distinct/s (4 threads); hist {7: 1, 8: 13, 9: 173, 10: 465, 11: 833, 12: 827, 13: 721, 14: 442, 15: 302, 16: 127, 17: 63, 18: 23, 19: 5, 20: 4, 22: 1}
random+prune N=80 T=5: 0.1s; frac PSL<=5: 0.0000; distinct 0; yield 0.00 distinct/s
shotgun     N=80 T=5: 325 restarts in 12.1s (1 thread = same CPU-seconds); distinct PSL<=5: 0; yield 0.00 distinct/s/thread -> x4 = 0.00
policy+prune N=80 T=6: 2.9s for 4000 samples; frac PSL<=6: 0.000; distinct 0; yield 0.00 distinct/s (4 threads); hist {7: 1, 8: 17, 9: 165, 10: 530, 11: 806, 12: 951, 13: 675, 14: 443, 15: 201, 16: 126, 17: 41, 18: 30, 19: 9, 20: 2, 21: 2, 22: 1}
random+prune N=80 T=6: 0.1s; frac PSL<=6: 0.0000; distinct 0; yield 0.00 distinct/s
shotgun     N=80 T=6: 312 restarts in 11.5s (1 thread = same CPU-seconds); distinct PSL<=6: 63; yield 5.47 distinct/s/thread -> x4 = 21.86
policy+prune N=96 T=6: 3.9s for 4000 samples; frac PSL<=6: 0.000; distinct 0; yield 0.00 distinct/s (4 threads); hist {9: 2, 10: 43, 11: 179, 12: 438, 13: 615, 14: 824, 15: 625, 16: 533, 17: 292, 18: 235, 19: 93, 20: 58, 21: 30, 22: 24, 23: 6, 24: 1, 25: 2}
random+prune N=96 T=6: 0.2s; frac PSL<=6: 0.0000; distinct 0; yield 0.00 distinct/s
shotgun     N=96 T=6: 329 restarts in 15.8s (1 thread = same CPU-seconds); distinct PSL<=6: 0; yield 0.00 distinct/s/thread -> x4 = 0.00
policy+prune N=96 T=7: 4.0s for 4000 samples; frac PSL<=7: 0.000; distinct 0; yield 0.00 distinct/s (4 threads); hist {8: 1, 9: 4, 10: 37, 11: 175, 12: 431, 13: 778, 14: 711, 15: 699, 16: 447, 17: 357, 18: 157, 19: 109, 20: 47, 21: 28, 22: 8, 23: 10, 24: 1}
random+prune N=96 T=7: 0.2s; frac PSL<=7: 0.0000; distinct 0; yield 0.00 distinct/s
shotgun     N=96 T=7: 321 restarts in 15.9s (1 thread = same CPU-seconds); distinct PSL<=7: 164; yield 10.30 distinct/s/thread -> x4 = 41.21
saved
CHAIN2_DONE
