MCMC beta=  0.0: E[c] 1.3925 (37s)
MCMC beta=  2.5: E[c] 0.9944 (72s)
MCMC beta=  5.0: E[c] 0.8378 (104s)
MCMC beta= 10.0: E[c] 0.6791 (134s)
MCMC beta= 15.0: E[c] 0.5793 (166s)
MCMC beta= 20.0: E[c] 0.5267 (199s)
beta=10: 32000 MCMC samples, E[c] 0.6774 (297s)
MCMC beta=10: KL(Q||P) 2.28, E[PSL] -12.5 dB, AUC 0.643
  ML beta=10 it 0: nll/frame 27.75 nats | KL(q||Q_beta) 4.84 | E_q[c] 1.3901 (314s)
  ML beta=10 it 500: nll/frame 27.36 nats | KL(q||Q_beta) 3.19 | E_q[c] 1.1909 (365s)
  ML beta=10 it 1000: nll/frame 27.18 nats | KL(q||Q_beta) 2.52 | E_q[c] 1.0992 (416s)
  ML beta=10 it 1500: nll/frame 27.02 nats | KL(q||Q_beta) 2.33 | E_q[c] 1.0719 (467s)
  ML beta=10 it 2000: nll/frame 26.93 nats | KL(q||Q_beta) 1.95 | E_q[c] 1.0247 (517s)
  ML beta=10 it 2500: nll/frame 26.88 nats | KL(q||Q_beta) 1.85 | E_q[c] 1.0116 (568s)
  ML beta=10 it 2999: nll/frame 26.82 nats | KL(q||Q_beta) 1.77 | E_q[c] 0.9988 (617s)
VAN-forwardKL beta=10: KL(q||P) 0.84, KL(q||Q_beta) 1.82, E[c] 1.0053, E[PSL] -11.0 dB, distinct 1.000, AUC 0.650, 0.067 ms/frame; SER @0/4/8/12 0.494/0.135/0.004/0.000
VAN-forwardKL+revKL beta=10: KL(q||P) 1.27, KL(q||Q_beta) 1.67, E[c] 0.9463, E[PSL] -11.3 dB, distinct 1.000, AUC 0.692, 0.041 ms/frame; SER @0/4/8/12 0.496/0.141/0.003/0.000
beta=20: 32000 MCMC samples, E[c] 0.5258 (725s)
MCMC beta=20: KL(Q||P) 4.44, E[PSL] -13.5 dB, AUC 0.675
  ML beta=20 it 0: nll/frame 27.74 nats | KL(q||Q_beta) 12.99 | E_q[c] 1.3980 (736s)
  ML beta=20 it 500: nll/frame 27.12 nats | KL(q||Q_beta) 8.71 | E_q[c] 1.1558 (786s)
  ML beta=20 it 1000: nll/frame 26.66 nats | KL(q||Q_beta) 6.94 | E_q[c] 1.0455 (835s)
  ML beta=20 it 1500: nll/frame 26.34 nats | KL(q||Q_beta) 5.80 | E_q[c] 0.9739 (882s)
  ML beta=20 it 2000: nll/frame 26.09 nats | KL(q||Q_beta) 5.42 | E_q[c] 0.9438 (932s)
  ML beta=20 it 2500: nll/frame 25.96 nats | KL(q||Q_beta) 5.00 | E_q[c] 0.9207 (981s)
  ML beta=20 it 2999: nll/frame 26.09 nats | KL(q||Q_beta) 5.09 | E_q[c] 0.9260 (1030s)
VAN-forwardKL beta=20: KL(q||P) 1.57, KL(q||Q_beta) 5.10, E[c] 0.9255, E[PSL] -11.3 dB, distinct 1.000, AUC 0.666, 0.072 ms/frame; SER @0/4/8/12 0.489/0.143/0.004/0.000
VAN-forwardKL+revKL beta=20: KL(q||P) 3.18, KL(q||Q_beta) 4.07, E[c] 0.7932, E[PSL] -12.1 dB, distinct 1.000, AUC 0.814, 0.034 ms/frame; SER @0/4/8/12 0.481/0.133/0.002/0.000
saved
