/home/user/ISACExploration/isacgen/torusfm.py:48: UserWarning: enable_nested_tensor is True, but self.use_nested_tensor is False because encoder_layer.norm_first was True
  self.blocks = nn.TransformerEncoder(layer, n_layers)
it 0 loss 2.5311 (1s)
it 500 loss 2.3021 (348s)
it 1000 loss 2.2999 (708s)
   [eval it 1000] sampled PSL median -13.45 mean -13.43 frac<=-25dB 0.000 (train median -27.49)
it 1500 loss 2.3008 (1067s)
it 2000 loss 2.2995 (1421s)
   [eval it 2000] sampled PSL median -13.59 mean -13.47 frac<=-25dB 0.000 (train median -27.49)
it 2500 loss 2.2976 (1779s)
it 2999 loss 2.2992 (2140s)
   [eval it 2999] sampled PSL median -13.47 mean -13.41 frac<=-25dB 0.000 (train median -27.49)
held-out   PSL median -27.51 mean -27.30 frac<=-25dB 0.924 NN-dist 10.820
Haar       PSL median -13.47 mean -13.44 frac<=-25dB 0.000 NN-dist 10.925
FM nfe= 1 PSL median -13.50 mean -13.45 frac<=-25dB 0.000 NN-dist 10.934
FM nfe= 2 PSL median -13.45 mean -13.38 frac<=-25dB 0.000 NN-dist 10.917
FM nfe= 4 PSL median -13.48 mean -13.46 frac<=-25dB 0.000 NN-dist 10.918
FM nfe= 8 PSL median -13.44 mean -13.42 frac<=-25dB 0.000 NN-dist 10.927
FM nfe=16 PSL median -13.51 mean -13.42 frac<=-25dB 0.000 NN-dist 10.927
FM nfe=32 PSL median -13.51 mean -13.47 frac<=-25dB 0.000 NN-dist 10.926
saved
CHAIN_DONE
